OPERATOR ++
OPERATOR =
OPERATOR -
PUNCTUATION ,
PUNCTUATION [
OPERATOR /