OPERATOR ++
OPERATOR =
OPERATOR -
PUNCTUATION ,
PUNCTUATION [
OPERATOR /
OPERATOR //
OPERATOR /