OPERATOR +
OPERATOR /
OPERATOR -
OPERATOR -=
OPERATOR ++
OPERATOR /