RESERVED func
IDENTIFIER main
PUNCTUATION (
PUNCTUATION )
PUNCTUATION :
RESERVED int32
PUNCTUATION {
IDENTIFIER print
PUNCTUATION (
LITERAL_CONSTANT Hello World
PUNCTUATION )
PUNCTUATION ;
RESERVED return
NUMERIC_CONSTANT 0
PUNCTUATION ;
PUNCTUATION }