RESERVED func
IDENTIFIER main
PUNCTUATION (
RESERVED void
PUNCTUATION )
PUNCTUATION :
RESERVED void
PUNCTUATION {
RESERVED let
IDENTIFIER Pi
OPERATOR =
NUMERIC_CONSTANT 3.14
PUNCTUATION ;
RESERVED let
IDENTIFIER Eps
OPERATOR =
NUMERIC_CONSTANT 1e-2
PUNCTUATION ;
RESERVED let
IDENTIFIER Loser
OPERATOR =
LITERAL_CONSTANT Loser
PUNCTUATION ;
RESERVED let
IDENTIFIER Win
OPERATOR =
LITERAL_CONSTANT LoL
PUNCTUATION ;
RESERVED if
PUNCTUATION (
IDENTIFIER Pi
OPERATOR -
IDENTIFIER Eps
OPERATOR <=
NUMERIC_CONSTANT 22
OPERATOR /
NUMERIC_CONSTANT 7
OPERATOR and
IDENTIFIER Pi
OPERATOR +
IDENTIFIER Eps
OPERATOR >=
NUMERIC_CONSTANT 22
OPERATOR /
NUMERIC_CONSTANT 7
PUNCTUATION )
IDENTIFIER print
PUNCTUATION (
IDENTIFIER Loser
PUNCTUATION )
PUNCTUATION ;
RESERVED else
PUNCTUATION {
IDENTIFIER print
PUNCTUATION (
IDENTIFIER Win
PUNCTUATION )
PUNCTUATION ;
PUNCTUATION }
PUNCTUATION }