RESERVED var
IDENTIFIER a
PUNCTUATION ;
RESERVED var
IDENTIFIER b
PUNCTUATION ;
RESERVED return
IDENTIFIER a
OPERATOR +
IDENTIFIER b
PUNCTUATION ;