NUMERIC_CONSTANT 455
NUMERIC_CONSTANT 0x4
NUMERIC_CONSTANT 42111
NUMERIC_CONSTANT 922