NUMERIC_CONSTANT 0x0001
NUMERIC_CONSTANT 1
NUMERIC_CONSTANT 0x01
NUMERIC_CONSTANT 0x1
NUMERIC_CONSTANT 1e-03