NUMERIC_CONSTANT 0xD
NUMERIC_CONSTANT 0xd
NUMERIC_CONSTANT 0xdeadc0de